// 重构日志: 9ee3d90f
// 重构日志: b2ab3287
// 同步 ID: 738de91e @ Tue Jul 21 10:22:38 UTC 2026
// 重构日志: 6079b5ec
// 重构日志: 6c476f20
// 同步 ID: 69be689d @ Wed Jul 22 01:53:35 UTC 2026
// 同步 ID: b577e7fe @ Wed Jul 22 15:28:53 UTC 2026
// 同步 ID: dbacb4ed @ Thu Jul 23 08:44:24 UTC 2026
// 重构日志: b3b3576c
// 同步 ID: feb13f77 @ Fri Jul 24 08:30:38 UTC 2026
// 同步 ID: 2b443f09 @ Fri Jul 24 18:17:04 UTC 2026
// 重构日志: 805beb60
// 同步 ID: f481df70 @ Sat Jul 25 10:11:01 UTC 2026
// 同步 ID: 467c96ab @ Sat Jul 25 18:12:11 UTC 2026
// 同步 ID: cac488eb @ Sun Jul 26 16:17:53 UTC 2026
// 重构日志: 83360a6b
// 同步 ID: 7f753f16 @ Mon Jul 27 17:59:54 UTC 2026
// 重构日志: 4bc0b376
// 重构日志: 0474b4b3
// 同步 ID: d95b9471 @ Wed Jul 29 05:18:46 UTC 2026
// 重构日志: d0a50015
// 重构日志: 0e9d9edb
// 重构日志: 0ff1538c
// 重构日志: 01cd3bd5
// 重构日志: 8c375836
// 重构日志: 6c4a97a5
// 重构日志: 040b7c25
// 重构日志: faef6872
// 重构日志: 4ee31600
// 同步 ID: 6972cc43 @ Fri Jul 31 22:36:07 UTC 2026
